// Jest Snapshot v1, https://goo.gl/fbAQLP

exports[`Footer should render correctly 1`] = `
<WithStyles(HvFooter)>
  <HvFooter
    classes={
      Object {
        "copyright": "HvFooter-copyright",
        "links": "HvFooter-links",
        "name": "HvFooter-name",
        "rightContainer": "HvFooter-rightContainer",
        "root": "HvFooter-root",
        "separator": "HvFooter-separator",
      }
    }
  >
    <footer
      className="HvFooter-root"
    >
      <WithStyles(ForwardRef)
        className="HvFooter-name"
        variant="highlightText"
      >
        <ForwardRef
          className="HvFooter-name"
          classes={
            Object {
              "3xlTitle": "HvTypography-3xlTitle",
              "4xlTitle": "HvTypography-4xlTitle",
              "5xlTitle": "HvTypography-5xlTitle",
              "disabledText": "HvTypography-disabledText",
              "highlightText": "HvTypography-highlightText",
              "lTitle": "HvTypography-lTitle",
              "link": "HvTypography-link",
              "mTitle": "HvTypography-mTitle",
              "noWrap": "HvTypography-noWrap",
              "normalText": "HvTypography-normalText",
              "placeholderText": "HvTypography-placeholderText",
              "root": "HvTypography-root",
              "sTitle": "HvTypography-sTitle",
              "sectionTitle": "HvTypography-sectionTitle",
              "selectedNavText": "HvTypography-selectedNavText",
              "vizText": "HvTypography-vizText",
              "vizTextDisabled": "HvTypography-vizTextDisabled",
              "xlTitle": "HvTypography-xlTitle",
              "xsInlineLink": "HvTypography-xsInlineLink",
              "xsTitle": "HvTypography-xsTitle",
              "xxlTitle": "HvTypography-xxlTitle",
              "xxsTitle": "HvTypography-xxsTitle",
            }
          }
          variant="highlightText"
        >
          <p
            className="HvFooter-name HvTypography-root HvTypography-highlightText"
          >
            Hitachi Vantara
          </p>
        </ForwardRef>
      </WithStyles(ForwardRef)>
      <div
        className="HvFooter-rightContainer"
      >
        <WithStyles(ForwardRef)
          className="HvFooter-copyright"
        >
          <ForwardRef
            className="HvFooter-copyright"
            classes={
              Object {
                "3xlTitle": "HvTypography-3xlTitle",
                "4xlTitle": "HvTypography-4xlTitle",
                "5xlTitle": "HvTypography-5xlTitle",
                "disabledText": "HvTypography-disabledText",
                "highlightText": "HvTypography-highlightText",
                "lTitle": "HvTypography-lTitle",
                "link": "HvTypography-link",
                "mTitle": "HvTypography-mTitle",
                "noWrap": "HvTypography-noWrap",
                "normalText": "HvTypography-normalText",
                "placeholderText": "HvTypography-placeholderText",
                "root": "HvTypography-root",
                "sTitle": "HvTypography-sTitle",
                "sectionTitle": "HvTypography-sectionTitle",
                "selectedNavText": "HvTypography-selectedNavText",
                "vizText": "HvTypography-vizText",
                "vizTextDisabled": "HvTypography-vizTextDisabled",
                "xlTitle": "HvTypography-xlTitle",
                "xsInlineLink": "HvTypography-xsInlineLink",
                "xsTitle": "HvTypography-xsTitle",
                "xxlTitle": "HvTypography-xxlTitle",
                "xxsTitle": "HvTypography-xxsTitle",
              }
            }
          >
            <p
              className="HvFooter-copyright HvTypography-root HvTypography-normalText"
            >
              Â© Hitachi Vantara Corporation 2023. All Rights Reserved.
            </p>
          </ForwardRef>
        </WithStyles(ForwardRef)>
      </div>
    </footer>
  </HvFooter>
</WithStyles(HvFooter)>
`;
